// Vitest Snapshot v1, https://vitest.dev/guide/snapshot.html

exports[`rotate sprite > rotate sprite 1`] = `2.356194490192345`;

exports[`rotate sprite > rotate sprite 2`] = `2.819842099193151`;

exports[`scale sprite > drag rb(bottom right) ctrl 1`] = `
O {
  "fixedAspectRatio": false,
  "master": null,
  "on": [Function],
}
`;
